d:\robot\robot\x64\debug\vc143.pdb
d:\robot\robot\x64\debug\vc143.idb
d:\robot\robot\x64\debug\main.obj
d:\robot\robot\x64\debug\ui.obj
d:\robot\robot\x64\debug\textfile.obj
d:\robot\robot\x64\debug\shaders.obj
d:\robot\robot\x64\debug\opengl.obj
d:\robot\robot\x64\debug\lighting.obj
d:\robot\robot\x64\debug\camera.obj
d:\robot\robot\x64\debug\axes.obj
d:\robot\robot\x64\debug\initshader.obj
d:\robot\robot\x64\debug\robot1.obj
d:\robot\x64\debug\robot.exe
d:\robot\x64\debug\robot.pdb
d:\robot\robot\x64\debug\robot.ilk
d:\robot\robot\x64\debug\cabinet.obj
d:\robot\robot\x64\debug\chair.obj
d:\robot\robot\x64\debug\computer.obj
d:\robot\robot\x64\debug\cube.obj
d:\robot\robot\x64\debug\cylinder.obj
d:\robot\robot\x64\debug\keyboard.obj
d:\robot\robot\x64\debug\lamp.obj
d:\robot\robot\x64\debug\mouse.obj
d:\robot\robot\x64\debug\plane.obj
d:\robot\robot\x64\debug\planestore.obj
d:\robot\robot\x64\debug\shelf.obj
d:\robot\robot\x64\debug\sign.obj
d:\robot\robot\x64\debug\sphere.obj
d:\robot\robot\x64\debug\table.obj
d:\robot\robot\x64\debug\testobject.obj
d:\robot\robot\x64\debug\robot.tlog\cl.command.1.tlog
d:\robot\robot\x64\debug\robot.tlog\cl.items.tlog
d:\robot\robot\x64\debug\robot.tlog\cl.read.1.tlog
d:\robot\robot\x64\debug\robot.tlog\cl.write.1.tlog
d:\robot\robot\x64\debug\robot.tlog\link.command.1.tlog
d:\robot\robot\x64\debug\robot.tlog\link.read.1.tlog
d:\robot\robot\x64\debug\robot.tlog\link.secondary.1.tlog
d:\robot\robot\x64\debug\robot.tlog\link.write.1.tlog
